node.exe : [baseline-browser-mapping] The data in this 
module is over two months old.  To ensure accurate 
Baseline data, please update: `npm i 
baseline-browser-mapping@latest -D`
At line:1 char:1
+ & "C:\nvm4w\nodejs/node.exe" 
"C:\nvm4w\nodejs/node_modules/npm/bin/np ...
+ ~~~~~~~~~~~~~~~~~~~~~~~~~~~~~~~~~~~~~~~~~~~~~~~~~~~~~~~~~
~~~~~~~~~~~~
    + CategoryInfo          : NotSpecified: ([baseline-bro 
   ws...ping@latest -D`:String) [], RemoteException
    + FullyQualifiedErrorId : NativeCommandError
 
 ΓÜá `images.domains` is deprecated in favor of 
`images.remotePatterns`. Please update next.config.ts to 
protect your application from malicious users.
 ΓÜá Invalid next.config.ts options detected: 
 ΓÜá     Unrecognized key(s) in object: 'turbo' at 
"experimental"
 ΓÜá See more info here: 
https://nextjs.org/docs/messages/invalid-next-config
   Γû▓ Next.js 16.0.10 (Turbopack)
   - Environments: .env.local
   - Experiments (use with caution):
     ? turbo (invalid experimental key)

   Creating an optimized production build ...
[baseline-browser-mapping] The data in this module is over 
two months old.  To ensure accurate Baseline data, please 
update: `npm i baseline-browser-mapping@latest -D`
 Γ£ô Compiled successfully in 22.9s
   Skipping validation of types
   Collecting page data using 7 workers ...
[baseline-browser-mapping] The data in this module is over 
two months old.  To ensure accurate Baseline data, please 
update: `npm i baseline-browser-mapping@latest -D`
[baseline-browser-mapping] The data in this module is over 
two months old.  To ensure accurate Baseline data, please 
update: `npm i baseline-browser-mapping@latest -D`
[baseline-browser-mapping] The data in this module is over 
two months old.  To ensure accurate Baseline data, please 
update: `npm i baseline-browser-mapping@latest -D`
[baseline-browser-mapping] The data in this module is over 
two months old.  To ensure accurate Baseline data, please 
update: `npm i baseline-browser-mapping@latest -D`
[baseline-browser-mapping] The data in this module is over 
two months old.  To ensure accurate Baseline data, please 
update: `npm i baseline-browser-mapping@latest -D`
[baseline-browser-mapping] The data in this module is over 
two months old.  To ensure accurate Baseline data, please 
update: `npm i baseline-browser-mapping@latest -D`
[baseline-browser-mapping] The data in this module is over 
two months old.  To ensure accurate Baseline data, please 
update: `npm i baseline-browser-mapping@latest -D`
   Generating static pages using 7 workers (0/25) ...
[baseline-browser-mapping] The data in this module is over 
two months old.  To ensure accurate Baseline data, please 
update: `npm i baseline-browser-mapping@latest -D`
   Generating static pages using 7 workers (6/25) 
   Generating static pages using 7 workers (12/25) 
   Generating static pages using 7 workers (18/25) 
 Γ£ô Generating static pages using 7 workers (25/25) in 13.0s
   Finalizing page optimization ...

Route (app)
Γöî Γùï /
Γö£ Γùï /_not-found
Γö£ ╞Æ /[role]/activity
Γö£ ╞Æ /[role]/categaries-details/[id]
Γö£ ╞Æ /[role]/client-details
Γö£ ╞Æ /[role]/client-details/[id]
Γö£ ╞Æ /[role]/clients
Γö£ ╞Æ /[role]/counter
Γö£ ╞Æ /[role]/dashboard
Γö£ ╞Æ /[role]/domain
Γö£ ╞Æ /[role]/domains
Γö£ ╞Æ /[role]/hosting
Γö£ ╞Æ /[role]/products
Γö£ ╞Æ /[role]/search-result
Γö£ ╞Æ /[role]/settings
Γö£ ╞Æ /[role]/ssl
Γö£ ╞Æ /[role]/sub-email
Γö£ ╞Æ /[role]/subscription
Γö£ ╞Æ /[role]/superadmins
Γö£ ╞Æ /[role]/users
Γö£ ╞Æ /[role]/vendors
Γö£ Γùï /affiliate
Γö£ ╞Æ /auth/change-password/[token]
Γö£ Γùï /auth/forgot-password
Γö£ Γùï /auth/forgot-password/send-code
Γö£ Γùï /auth/login
Γö£ Γùï /auth/select-method
Γö£ Γùï /auth/verify-otp
Γö£ Γùï /bootcamp
Γö£ Γùï /client/dashboard
Γö£ Γùï /client/domains
Γö£ Γùï /client/hosting
Γö£ Γùï /client/ssl
Γö£ Γùï /client/sub-email
Γö£ Γùï /client/subscription
Γö£ Γùï /courses
Γö£ Γùï /ebooks
Γö£ Γùï /enrollments
Γö£ Γùï /reports
Γö£ Γùï /signup
Γö£ Γùï /team-training
Γö£ Γùï /user-management/customer-admin
Γö£ Γùï /user-management/support-admin
Γöö Γùï /users


Γùï  (Static)   prerendered as static content
╞Æ  (Dynamic)  server-rendered on demand

